// Jest Snapshot v1, https://goo.gl/fbAQLP

exports[`<MockCard /> renders correctly 1`] = `
<styled.div
  active={false}
>
  M
</styled.div>
`;
